{"COUNTRY":{"USA":{"NAME":"Estados Unidos","LANGUAGE":"Inglês","STATES":{"CALIFORNIA":{"NAME":"Califórnia","ACRONYM":"CA"},"NEW_YORK":{"NAME":"Nova Iorque","ACRONYM":"NY"},"NORTH_CAROLINA":{"NAME":"Carolina Do Norte","ACRONYM":"NC"}}},"BRAZIL":{"NAME":"Brasil","LANGUAGE":"Português"},"SPAIN":{"NAME":"Espanha","LANGUAGE":"Espanhol"}}}