{"COUNTRY":{"USA":{"NAME":"Estados Unidos","LANGUAGE":"Inglés","STATES":{"CALIFORNIA":{"NAME":"California","ACRONYM":"CA"},"NEW_YORK":{"NAME":"Nueva York","ACRONYM":"NY"},"NORTH_CAROLINA":{"NAME":"Carolina del Norte","ACRONYM":"NC"}}},"BRAZIL":{"NAME":"Brasil","LANGUAGE":"Portugués"},"SPAIN":{"NAME":"España","LANGUAGE":"Español"}}}