{"COUNTRY":{"USA":{"NAME":"United States","LANGUAGE":"English","STATES":{"CALIFORNIA":{"NAME":"California","ACRONYM":"CA"},"NEW_YORK":{"NAME":"New York","ACRONYM":"NY"},"NORTH_CAROLINA":{"NAME":"North Carolina","ACRONYM":"NC"}}},"BRAZIL":{"NAME":"Brazil","LANGUAGE":"Portuguese"},"SPAIN":{"NAME":"Spain","LANGUAGE":"Spanish"}}}